src/engine.c:345:engine_render_benchmark_reset	0	static
src/engine.c:352:engine_render_benchmark_begin	3	static
src/engine.c:359:engine_render_benchmark_end	8	static
src/engine.c:365:engine_render_benchmark_calibrate	124	static
src/engine.c:399:engine_render_benchmark_read	0	static
src/engine.c:403:engine_render_benchmark_lod_state	0	static
src/engine.c:410:engine_render_benchmark_logical_hash	10	static
src/engine.c:2111:engine_init	62	static
src/engine.c:1799:room_face_holds_portal	3	static
src/engine.c:1819:configure_portal_on_face	18	static
src/engine.c:477:rebuild_camera_basis	26	static
src/engine.c:1988:collide_with_room	19	static
src/engine.c:467:angle_sine	0	static
src/engine.c:2151:engine_graphics_init	22	static
src/engine.c:2132:configure_render_mode	5	static
src/engine.c:2205:engine_update	237	static
src/engine.c:1879:place_portal	83	static
src/engine.c:1459:transform_portal_point	30	static
src/engine.c:1445:transform_portal_vector	18	static
src/engine.c:522:add_signed_axis	0	static
src/engine.c:2353:engine_render	60	static
src/engine.c:1682:render_camera	172	static
src/engine.c:869:collect_room_polygons	173	static
src/engine.c:1210:write_frame_span	3	static
src/engine.c:569:projection_scale_for_depth	0	static
src/engine.c:565:half_projected	0	static
src/engine.c:549:transform_point	56	static
src/engine.c:583:project_camera_point	14	static
src/engine.c:634:clip_and_project	78	static
src/engine.c:673:polygon_intersects_layer	25	static
src/engine.c:1200:rasterize_polygon	96	static
src/engine.c:809:camera_axis_scaled	24	static
src/engine.c:931:edge_x_step	10	static
src/level.c:93:true3d_level_open	4	static
src/level.c:39:bind_level	19	static
src/level.c:111:true3d_level_builtin_view	0	static
src/level.c:115:true3d_level_close	0	static
src/live_benchmark.c:834:true3d_live_benchmark_run	184	static
src/live_benchmark.c:791:live_show_failure	0	static
src/live_benchmark.c:338:live_reset_state	0	static
src/live_benchmark.c:348:live_controller_next	0	static
src/live_benchmark.c:419:live_section_ends	9	static
src/live_benchmark.c:226:live_state_hash	79	static
src/live_benchmark.c:204:live_hash_bytes	7	static
src/live_benchmark.c:176:read_u32	7	static
src/main.c:11:main	0	static
