src/game.c:397:game_render_benchmark_reset	0	static
src/game.c:404:game_render_benchmark_begin	3	static
src/game.c:414:game_render_benchmark_end	8	static
src/game.c:422:game_render_benchmark_calibrate	106	static
src/game.c:464:game_render_benchmark_read	0	static
src/game.c:2619:game_init	0	static
src/game.c:2628:game_graphics_init	67	static
src/game.c:1552:grid_projection_init	3	static
src/game.c:2916:game_update	35	static
src/game.c:1453:place_portal	38	static
src/game.c:1374:try_player_portal	23	static
src/game.c:1345:move_without_portal	15	static
src/game.c:2976:game_render	92	static
src/game.c:844:ray_stepper_init	3	static
src/game.c:903:delta_for_component	0	static
src/game.c:823:fixed_scale_mul	0	static
src/game.c:2280:render_column	58	static
src/game.c:3076:game_get_render_profile	0	static
src/live_benchmark.c:910:live_benchmark_run	221	static
src/live_benchmark.c:854:live_show_failure	0	static
src/live_benchmark.c:367:live_controller_next	0	static
src/live_benchmark.c:445:live_crossed_portal	0	static
src/live_benchmark.c:453:live_section_ends	9	static
src/live_benchmark.c:247:live_game_hash	17	static
src/live_benchmark.c:225:live_hash_bytes	7	static
src/main.c:14:main	0	static
